Usage: spremuta task 

Available options:
  -h,--help                Show this help text
