Usage: spremuta daemon 

Available options:
  -h,--help                Show this help text
